[qutiiz-html.vercel.app/main-html/index-dark.html]
[backblue.gif]
[fade.gif]
[index.html]
[qutiiz-html.vercel.app/main-html/assets/images/favicons/apple-touch-icon.png]
[qutiiz-html.vercel.app/main-html/assets/images/favicons/favicon-32x32.png]
[qutiiz-html.vercel.app/main-html/assets/images/favicons/favicon-16x16.png]
[qutiiz-html.vercel.app/main-html/assets/images/favicons/site.webmanifest]
[qutiiz-html.vercel.app/main-html/assets/vendors/bootstrap/css/bootstrap.min.css]
[qutiiz-html.vercel.app/main-html/assets/vendors/animate/animate.min.css]
[qutiiz-html.vercel.app/main-html/assets/vendors/animate/custom-animate.css]
[qutiiz-html.vercel.app/main-html/assets/vendors/fontawesome/css/all.min.css]
[qutiiz-html.vercel.app/main-html/assets/vendors/jquery-magnific-popup/jquery.magnific-popup.css]
[qutiiz-html.vercel.app/main-html/assets/vendors/nouislider/nouislider.min.css]
[qutiiz-html.vercel.app/main-html/assets/vendors/nouislider/nouislider.pips.css]
[qutiiz-html.vercel.app/main-html/assets/vendors/odometer/odometer.min.css]
[qutiiz-html.vercel.app/main-html/assets/vendors/swiper/swiper.min.css]
[qutiiz-html.vercel.app/main-html/assets/vendors/qutiiz-icons/style.css]
[qutiiz-html.vercel.app/main-html/assets/vendors/qutiiz-icons-two/style.css]
[qutiiz-html.vercel.app/main-html/assets/vendors/tiny-slider/tiny-slider.min.css]
[qutiiz-html.vercel.app/main-html/assets/vendors/owl-carousel/owl.carousel.min.css]
[qutiiz-html.vercel.app/main-html/assets/vendors/owl-carousel/owl.theme.default.min.css]
[qutiiz-html.vercel.app/main-html/assets/vendors/bxslider/jquery.bxslider.css]
[qutiiz-html.vercel.app/main-html/assets/vendors/bootstrap-select/css/bootstrap-select.min.css]
[qutiiz-html.vercel.app/main-html/assets/vendors/vegas/vegas.min.css]
[qutiiz-html.vercel.app/main-html/assets/vendors/jquery-ui/jquery-ui.css]
[qutiiz-html.vercel.app/main-html/assets/vendors/timepicker/timePicker.css]
[qutiiz-html.vercel.app/main-html/assets/css/qutiiz.css]
[qutiiz-html.vercel.app/main-html/assets/css/qutiiz-responsive.css]
[qutiiz-html.vercel.app/main-html/assets/css/qutiiz-dark.css]
[qutiiz-html.vercel.app/main-html/assets/images/loader.png]
[qutiiz-html.vercel.app/main-html/index.html]
[qutiiz-html.vercel.app/main-html/assets/images/resources/logo-1.png]
[qutiiz-html.vercel.app/main-html/assets/images/home-showcase/home-showcase-1-1.jpg]
[qutiiz-html.vercel.app/main-html/index-one-page.html]
[qutiiz-html.vercel.app/main-html/assets/images/home-showcase/home-showcase-1-2.jpg]
[qutiiz-html.vercel.app/main-html/index2.html]
[qutiiz-html.vercel.app/main-html/index2-one-page.html]
[qutiiz-html.vercel.app/main-html/assets/images/home-showcase/home-showcase-1-3.jpg]
[qutiiz-html.vercel.app/main-html/index3.html]
[qutiiz-html.vercel.app/main-html/index3-one-page.html]
[qutiiz-html.vercel.app/main-html/assets/images/home-showcase/home-showcase-1-4.jpg]
[qutiiz-html.vercel.app/main-html/about.html]
[qutiiz-html.vercel.app/main-html/team.html]
[qutiiz-html.vercel.app/main-html/team-details.html]
[qutiiz-html.vercel.app/main-html/testimonials.html]
[qutiiz-html.vercel.app/main-html/why-choose.html]
[qutiiz-html.vercel.app/main-html/faq.html]
[qutiiz-html.vercel.app/main-html/404.html]
[qutiiz-html.vercel.app/main-html/services.html]
[qutiiz-html.vercel.app/main-html/services2.html]
[qutiiz-html.vercel.app/main-html/mobile-applications.html]
[qutiiz-html.vercel.app/main-html/digital-marketing.html]
[qutiiz-html.vercel.app/main-html/graphic-design.html]
[qutiiz-html.vercel.app/main-html/website-development.html]
[qutiiz-html.vercel.app/main-html/social-marketing.html]
[qutiiz-html.vercel.app/main-html/content-writing.html]
[qutiiz-html.vercel.app/main-html/project.html]
[qutiiz-html.vercel.app/main-html/project-details.html]
[qutiiz-html.vercel.app/main-html/products.html]
[qutiiz-html.vercel.app/main-html/product-details.html]
[qutiiz-html.vercel.app/main-html/cart.html]
[qutiiz-html.vercel.app/main-html/checkout.html]
[qutiiz-html.vercel.app/main-html/blog.html]
[qutiiz-html.vercel.app/main-html/blog-sidebar.html]
[qutiiz-html.vercel.app/main-html/blog-details.html]
[qutiiz-html.vercel.app/main-html/contact.html]
[qutiiz-html.vercel.app/main-html/assets/images/backgrounds/main-slider-1-1.jpg]
[qutiiz-html.vercel.app/main-html/assets/images/backgrounds/main-slider-1-2.jpg]
[qutiiz-html.vercel.app/main-html/assets/images/backgrounds/main-slider-1-3.jpg]
[qutiiz-html.vercel.app/main-html/assets/images/shapes/services-one-shape.png]
[qutiiz-html.vercel.app/main-html/assets/images/resources/get-to-know-img.jpg]
[qutiiz-html.vercel.app/main-html/assets/images/resources/get-to-know-person-img.jpg]
[qutiiz-html.vercel.app/main-html/assets/images/brand/brand-3-1.png]
[qutiiz-html.vercel.app/main-html/assets/images/brand/brand-3-2.png]
[qutiiz-html.vercel.app/main-html/assets/images/brand/brand-3-3.png]
[qutiiz-html.vercel.app/main-html/assets/images/brand/brand-3-4.png]
[qutiiz-html.vercel.app/main-html/assets/images/brand/brand-3-5.png]
[qutiiz-html.vercel.app/main-html/assets/images/resources/project-one-img-1.jpg]
[qutiiz-html.vercel.app/main-html/assets/images/resources/project-one-img-2.jpg]
[qutiiz-html.vercel.app/main-html/assets/images/resources/project-one-img-3.jpg]
[qutiiz-html.vercel.app/main-html/assets/images/resources/project-one-img-4.jpg]
[qutiiz-html.vercel.app/main-html/assets/images/resources/project-one-img-5.jpg]
[qutiiz-html.vercel.app/main-html/assets/images/resources/project-one-img-6.jpg]
[qutiiz-html.vercel.app/main-html/assets/images/resources/project-one-img-7.jpg]
[qutiiz-html.vercel.app/main-html/assets/images/resources/why-choose-one-img.jpg]
[qutiiz-html.vercel.app/main-html/assets/images/resources/why-choose-one-bottom-img.jpg]
[qutiiz-html.vercel.app/main-html/assets/images/team/team-one-img-1.jpg]
[qutiiz-html.vercel.app/main-html/assets/images/team/team-one-img-2.jpg]
[qutiiz-html.vercel.app/main-html/assets/images/team/team-one-img-3.jpg]
[qutiiz-html.vercel.app/main-html/assets/images/team/team-one-img-4.jpg]
[qutiiz-html.vercel.app/main-html/assets/images/testimonial/testimonial-one-client-img-1.jpg]
[qutiiz-html.vercel.app/main-html/assets/images/testimonial/testimonial-one-quote.png]
[qutiiz-html.vercel.app/main-html/assets/images/testimonial/testimonial-one-client-img-2.jpg]
[qutiiz-html.vercel.app/main-html/assets/images/testimonial/testimonial-one-client-img-3.jpg]
[qutiiz-html.vercel.app/main-html/assets/images/backgrounds/qutiiz-ready-bg.jpg]
[qutiiz-html.vercel.app/main-html/assets/images/update1.0/backgrounds/financial-advice-shape2-bg.png]
[qutiiz-html.vercel.app/main-html/assets/images/resources/tabs-content-experience-img.jpg]
[qutiiz-html.vercel.app/main-html/assets/images/blog/blog-one-img-1.jpg]
[qutiiz-html.vercel.app/main-html/assets/images/blog/blog-one-person-img-1.jpg]
[qutiiz-html.vercel.app/main-html/assets/images/blog/blog-one-img-2.jpg]
[qutiiz-html.vercel.app/main-html/assets/images/blog/blog-one-img-3.jpg]
[qutiiz-html.vercel.app/main-html/assets/images/resources/footer-logo.png]
[qutiiz-html.vercel.app/main-html/assets/images/shapes/site-footer-shape.png]
[qutiiz-html.vercel.app/main-html/assets/vendors/jquery/jquery-3.6.0.min.js]
[qutiiz-html.vercel.app/main-html/assets/vendors/bootstrap/js/bootstrap.bundle.min.js]
[qutiiz-html.vercel.app/main-html/assets/vendors/jarallax/jarallax.min.js]
[qutiiz-html.vercel.app/main-html/assets/vendors/jquery-ajaxchimp/jquery.ajaxchimp.min.js]
[qutiiz-html.vercel.app/main-html/assets/vendors/jquery-appear/jquery.appear.min.js]
[qutiiz-html.vercel.app/main-html/assets/vendors/jquery-circle-progress/jquery.circle-progress.min.js]
[qutiiz-html.vercel.app/main-html/assets/vendors/jquery-magnific-popup/jquery.magnific-popup.min.js]
[qutiiz-html.vercel.app/main-html/assets/vendors/jquery-validate/jquery.validate.min.js]
[qutiiz-html.vercel.app/main-html/assets/vendors/nouislider/nouislider.min.js]
[qutiiz-html.vercel.app/main-html/assets/vendors/odometer/odometer.min.js]
[qutiiz-html.vercel.app/main-html/assets/vendors/swiper/swiper.min.js]
[qutiiz-html.vercel.app/main-html/assets/vendors/tiny-slider/tiny-slider.min.js]
[qutiiz-html.vercel.app/main-html/assets/vendors/wnumb/wNumb.min.js]
[qutiiz-html.vercel.app/main-html/assets/vendors/wow/wow.js]
[qutiiz-html.vercel.app/main-html/assets/vendors/isotope/isotope.js]
[qutiiz-html.vercel.app/main-html/assets/vendors/countdown/countdown.min.js]
[qutiiz-html.vercel.app/main-html/assets/vendors/owl-carousel/owl.carousel.min.js]
[qutiiz-html.vercel.app/main-html/assets/vendors/bxslider/jquery.bxslider.min.js]
[qutiiz-html.vercel.app/main-html/assets/vendors/bootstrap-select/js/bootstrap-select.min.js]
[qutiiz-html.vercel.app/main-html/assets/vendors/vegas/vegas.min.js]
[qutiiz-html.vercel.app/main-html/assets/vendors/jquery-ui/jquery-ui.js]
[qutiiz-html.vercel.app/main-html/assets/vendors/timepicker/timePicker.js]
[qutiiz-html.vercel.app/main-html/index-dark.html]
[qutiiz-html.vercel.app/main-html/assets/vendors/bootstrap/css/bootstrap.min.css]
[qutiiz-html.vercel.app/main-html/assets/vendors/animate/animate.min.css]
[qutiiz-html.vercel.app/main-html/assets/vendors/animate/custom-animate.css]
[qutiiz-html.vercel.app/main-html/assets/js/qutiiz.js]
[qutiiz-html.vercel.app/main-html/assets/vendors/fontawesome/webfonts/fa-brands-400.eot]
[qutiiz-html.vercel.app/main-html/assets/vendors/fontawesome/webfonts/fa-brands-400d41d.eot]
[qutiiz-html.vercel.app/main-html/assets/vendors/fontawesome/webfonts/fa-brands-400.woff2]
[qutiiz-html.vercel.app/main-html/assets/vendors/fontawesome/webfonts/fa-brands-400.woff]
[qutiiz-html.vercel.app/main-html/assets/vendors/fontawesome/webfonts/fa-brands-400.ttf]
[qutiiz-html.vercel.app/main-html/assets/vendors/fontawesome/webfonts/fa-brands-400.svg]
[qutiiz-html.vercel.app/main-html/assets/vendors/fontawesome/webfonts/fa-regular-400.eot]
[qutiiz-html.vercel.app/main-html/assets/vendors/fontawesome/webfonts/fa-regular-400d41d.eot]
[qutiiz-html.vercel.app/main-html/assets/vendors/fontawesome/webfonts/fa-regular-400.woff2]
[qutiiz-html.vercel.app/main-html/assets/vendors/fontawesome/webfonts/fa-regular-400.woff]
[qutiiz-html.vercel.app/main-html/assets/vendors/fontawesome/webfonts/fa-regular-400.ttf]
[qutiiz-html.vercel.app/main-html/assets/vendors/fontawesome/webfonts/fa-regular-400.svg]
[qutiiz-html.vercel.app/main-html/assets/vendors/fontawesome/webfonts/fa-solid-900.eot]
[qutiiz-html.vercel.app/main-html/assets/vendors/fontawesome/webfonts/fa-solid-900d41d.eot]
[qutiiz-html.vercel.app/main-html/assets/vendors/fontawesome/webfonts/fa-solid-900.woff2]
[qutiiz-html.vercel.app/main-html/assets/vendors/fontawesome/webfonts/fa-solid-900.woff]
[qutiiz-html.vercel.app/main-html/assets/vendors/fontawesome/webfonts/fa-solid-900.ttf]
[qutiiz-html.vercel.app/main-html/assets/vendors/fontawesome/css/all.min.css]
[qutiiz-html.vercel.app/main-html/assets/vendors/jarallax/jarallax.css]
[qutiiz-html.vercel.app/main-html/assets/vendors/jquery-magnific-popup/jquery.magnific-popup.css]
[qutiiz-html.vercel.app/main-html/assets/vendors/nouislider/nouislider.min.css]
[qutiiz-html.vercel.app/main-html/assets/vendors/nouislider/nouislider.pips.css]
[qutiiz-html.vercel.app/main-html/assets/vendors/odometer/odometer.min.css]
[qutiiz-html.vercel.app/main-html/assets/vendors/swiper/swiper.min.css]
[qutiiz-html.vercel.app/main-html/assets/vendors/fontawesome/webfonts/fa-solid-900.svg]
[qutiiz-html.vercel.app/main-html/assets/vendors/qutiiz-icons/fonts/icomoon78ed.eot]
[qutiiz-html.vercel.app/main-html/assets/vendors/qutiiz-icons/fonts/icomoon78ed.ttf]
[qutiiz-html.vercel.app/main-html/assets/vendors/qutiiz-icons/fonts/icomoon78ed.woff]
[qutiiz-html.vercel.app/main-html/assets/vendors/qutiiz-icons/style.css]
[qutiiz-html.vercel.app/main-html/assets/vendors/qutiiz-icons/fonts/icomoon78ed.svg]
[qutiiz-html.vercel.app/main-html/assets/vendors/qutiiz-icons-two/fonts/icomoon-two2c78.eot]
[qutiiz-html.vercel.app/main-html/assets/vendors/qutiiz-icons-two/fonts/icomoon-two2c78.ttf]
[qutiiz-html.vercel.app/main-html/assets/vendors/qutiiz-icons-two/fonts/icomoon-two2c78.woff]
[qutiiz-html.vercel.app/main-html/assets/vendors/qutiiz-icons-two/style.css]
[qutiiz-html.vercel.app/main-html/assets/vendors/tiny-slider/tiny-slider.min.css]
[qutiiz-html.vercel.app/main-html/assets/vendors/qutiiz-icons-two/fonts/icomoon-two2c78.svg]
[qutiiz-html.vercel.app/main-html/assets/vendors/reey-font/reey-regular-webfont.woff2]
[qutiiz-html.vercel.app/main-html/assets/vendors/reey-font/stylesheet.css]
[qutiiz-html.vercel.app/main-html/assets/vendors/reey-font/reey-regular-webfont.woff]
[qutiiz-html.vercel.app/main-html/assets/vendors/owl-carousel/owl.video.play.png]
[qutiiz-html.vercel.app/main-html/assets/vendors/owl-carousel/owl.carousel.min.css]
[qutiiz-html.vercel.app/main-html/assets/vendors/owl-carousel/owl.theme.default.min.css]
[qutiiz-html.vercel.app/main-html/assets/vendors/images/icon/bx_loader.gif]
[qutiiz-html.vercel.app/main-html/assets/vendors/img/bx-slider/controls.png]
[qutiiz-html.vercel.app/main-html/assets/vendors/bxslider/jquery.bxslider.css]
[qutiiz-html.vercel.app/main-html/assets/vendors/bootstrap-select/css/bootstrap-select.min.css]
[qutiiz-html.vercel.app/main-html/assets/vendors/vegas/overlays/02.png]
[qutiiz-html.vercel.app/main-html/assets/vendors/vegas/vegas.min.css]
[qutiiz-html.vercel.app/main-html/assets/vendors/jquery-ui/images/ui-bg_highlight-soft_75_cccccc_1x100.png]
[qutiiz-html.vercel.app/main-html/assets/vendors/jquery-ui/images/ui-bg_glass_75_e6e6e6_1x400.png]
[qutiiz-html.vercel.app/main-html/assets/vendors/jquery-ui/images/ui-bg_glass_75_dadada_1x400.png]
[qutiiz-html.vercel.app/main-html/assets/vendors/jquery-ui/images/ui-bg_glass_65_ffffff_1x400.png]
[qutiiz-html.vercel.app/main-html/assets/vendors/jquery-ui/images/ui-bg_glass_55_fbf9ee_1x400.png]
[qutiiz-html.vercel.app/main-html/assets/vendors/jquery-ui/images/ui-bg_glass_95_fef1ec_1x400.png]
[qutiiz-html.vercel.app/main-html/assets/vendors/jquery-ui/images/ui-icons_222222_256x240.png]
[qutiiz-html.vercel.app/main-html/assets/vendors/jquery-ui/images/ui-icons_888888_256x240.png]
[qutiiz-html.vercel.app/main-html/assets/vendors/jquery-ui/images/ui-icons_454545_256x240.png]
[qutiiz-html.vercel.app/main-html/assets/vendors/jquery-ui/images/ui-icons_2e83ff_256x240.png]
[qutiiz-html.vercel.app/main-html/assets/vendors/jquery-ui/jquery-ui.css]
[qutiiz-html.vercel.app/main-html/assets/vendors/jquery-ui/images/ui-icons_cd0a0a_256x240.png]
[qutiiz-html.vercel.app/main-html/assets/vendors/timepicker/images/ui-icons_444444_256x240.png]
[qutiiz-html.vercel.app/main-html/assets/vendors/timepicker/timePicker.css]
[qutiiz-html.vercel.app/main-html/assets/images/shapes/qutiiz-ready-shape.png]
[qutiiz-html.vercel.app/main-html/assets/images/shapes/about-page-founded-shape.png]
[qutiiz-html.vercel.app/main-html/assets/css/qutiiz.css]
[qutiiz-html.vercel.app/main-html/assets/css/qutiiz-responsive.css]
[qutiiz-html.vercel.app/main-html/assets/css/qutiiz-dark.css]
[qutiiz-html.vercel.app/main-html/assets/images/brand/brand-1-1.png]
[qutiiz-html.vercel.app/main-html/assets/images/brand/brand-1-2.png]
[qutiiz-html.vercel.app/main-html/assets/images/brand/brand-1-3.png]
[qutiiz-html.vercel.app/main-html/assets/images/brand/brand-1-4.png]
[qutiiz-html.vercel.app/main-html/assets/images/brand/brand-1-5.png]
[qutiiz-html.vercel.app/main-html/assets/images/shapes/financial-advice-shape.png]
[qutiiz-html.vercel.app/main-html/index.html]
[qutiiz-html.vercel.app/main-html/index-one-page.html]
[qutiiz-html.vercel.app/main-html/assets/images/backgrounds/main-slider-two-bg.png]
[qutiiz-html.vercel.app/main-html/assets/images/resources/main-slider-two-img-1.png]
[qutiiz-html.vercel.app/main-html/assets/images/shapes/main-slider-two-arrow.png]
[qutiiz-html.vercel.app/main-html/assets/images/resources/main-slider-two-img-2.png]
[qutiiz-html.vercel.app/main-html/assets/images/resources/get-to-know-two-img.jpg]
[qutiiz-html.vercel.app/main-html/assets/images/resources/get-to-know-two-small-img.jpg]
[qutiiz-html.vercel.app/main-html/assets/images/backgrounds/qutiiz-ready-two-bg.jpg]
[qutiiz-html.vercel.app/main-html/assets/images/resources/why-choose-two-bg.png]
[qutiiz-html.vercel.app/main-html/assets/images/resources/project-two-img-1.jpg]
[qutiiz-html.vercel.app/main-html/assets/images/resources/project-two-img-2.jpg]
[qutiiz-html.vercel.app/main-html/assets/images/resources/project-two-img-3.jpg]
[qutiiz-html.vercel.app/main-html/assets/images/resources/project-two-img-4.jpg]
[qutiiz-html.vercel.app/main-html/assets/images/resources/we-care-img.jpg]
[qutiiz-html.vercel.app/main-html/assets/images/resources/contact-one-img-1.jpg]
[qutiiz-html.vercel.app/main-html/index2.html]
[qutiiz-html.vercel.app/main-html/assets/images/resources/contact-one-img-2.jpg]
[qutiiz-html.vercel.app/main-html/index2-one-page.html]
[qutiiz-html.vercel.app/main-html/assets/images/update1.0/backgrounds/main-slider-3-1.jpg]
[qutiiz-html.vercel.app/main-html/assets/images/update1.0/resources/welcome-v1-img1.jpg]
[qutiiz-html.vercel.app/main-html/assets/images/update1.0/services/services-v3-img1.jpg]
[qutiiz-html.vercel.app/main-html/assets/images/update1.0/services/services-v3-img2.jpg]
[qutiiz-html.vercel.app/main-html/assets/images/update1.0/services/services-v3-img3.jpg]
[qutiiz-html.vercel.app/main-html/assets/images/update1.0/backgrounds/watch-video-v1-img1.jpg]
[qutiiz-html.vercel.app/main-html/assets/images/update1.0/resources/why-choose-v3-img1.jpg]
[qutiiz-html.vercel.app/main-html/assets/images/update1.0/project/project-v3-img1.jpg]
[qutiiz-html.vercel.app/main-html/assets/images/update1.0/project/project-v3-img2.jpg]
[qutiiz-html.vercel.app/main-html/assets/images/update1.0/project/project-v3-img3.jpg]
[qutiiz-html.vercel.app/main-html/assets/images/update1.0/project/project-v3-img4.jpg]
[qutiiz-html.vercel.app/main-html/assets/images/update1.0/project/project-v3-img5.jpg]
[qutiiz-html.vercel.app/main-html/assets/images/update1.0/project/project-v3-img6.jpg]
[qutiiz-html.vercel.app/main-html/assets/images/update1.0/shape/get-in-touch-v1-shape1.png]
[qutiiz-html.vercel.app/main-html/assets/images/update1.0/resources/get-in-touch-v1-img1.jpg]
[qutiiz-html.vercel.app/main-html/assets/images/update1.0/shape/how-we-works-v1-shape1.png]
[qutiiz-html.vercel.app/main-html/index3.html]
[qutiiz-html.vercel.app/main-html/index3-one-page.html]
[qutiiz-html.vercel.app/main-html/assets/images/backgrounds/page-header-bg.jpg]
[qutiiz-html.vercel.app/main-html/assets/images/resources/about-page-img.jpg]
[qutiiz-html.vercel.app/main-html/assets/images/shapes/testimonial-two-map.png]
[qutiiz-html.vercel.app/main-html/about.html]
[qutiiz-html.vercel.app/main-html/assets/images/team/team-page-1.jpg]
[qutiiz-html.vercel.app/main-html/assets/images/team/team-page-4.jpg]
[qutiiz-html.vercel.app/main-html/assets/images/team/team-page-5.jpg]
[qutiiz-html.vercel.app/main-html/assets/images/team/team-page-6.jpg]
[qutiiz-html.vercel.app/main-html/team.html]
[qutiiz-html.vercel.app/main-html/assets/images/update1.0/resources/team-details-img1.jpg]
[qutiiz-html.vercel.app/main-html/assets/images/update1.0/resources/team-details__certificate-img1.jpg]
[qutiiz-html.vercel.app/main-html/assets/images/update1.0/resources/team-details__certificate-img2.jpg]
[qutiiz-html.vercel.app/main-html/assets/images/update1.0/resources/team-details__certificate-img3.jpg]
[qutiiz-html.vercel.app/main-html/assets/images/update1.0/resources/team-details__certificate-img4.jpg]
[qutiiz-html.vercel.app/main-html/team-details.html]
[qutiiz-html.vercel.app/main-html/assets/images/update1.0/testimonial/testimonial-one-client-img-4.jpg]
[qutiiz-html.vercel.app/main-html/assets/images/update1.0/testimonial/testimonial-one-client-img-5.jpg]
[qutiiz-html.vercel.app/main-html/assets/images/update1.0/testimonial/testimonial-one-client-img-6.jpg]
[qutiiz-html.vercel.app/main-html/testimonials.html]
[qutiiz-html.vercel.app/main-html/assets/images/update1.0/resources/business-growth-v1-img1.jpg]
[qutiiz-html.vercel.app/main-html/assets/images/update1.0/resources/business-growth-v1-img2.jpg]
[qutiiz-html.vercel.app/main-html/assets/images/update1.0/resources/business-growth-v1-img3.jpg]
[qutiiz-html.vercel.app/main-html/why-choose.html]
[qutiiz-html.vercel.app/main-html/faq.html]
[qutiiz-html.vercel.app/main-html/404.html]
[qutiiz-html.vercel.app/main-html/services.html]
[qutiiz-html.vercel.app/main-html/assets/images/update1.0/services/services-v3-img4.jpg]
[qutiiz-html.vercel.app/main-html/assets/images/update1.0/services/services-v3-img5.jpg]
[qutiiz-html.vercel.app/main-html/assets/images/update1.0/services/services-v3-img6.jpg]
[qutiiz-html.vercel.app/main-html/services2.html]
[qutiiz-html.vercel.app/main-html/assets/vendors/twentytwenty/twentytwenty.css]
[qutiiz-html.vercel.app/main-html/assets/images/backgrounds/service-details-need-help-bg.jpg]
[qutiiz-html.vercel.app/main-html/assets/images/resources/service-details-img-5.jpg]
[qutiiz-html.vercel.app/main-html/assets/images/resources/service-details__benefits-img.jpg]
[qutiiz-html.vercel.app/main-html/assets/vendors/twentytwenty/twentytwenty.js]
[qutiiz-html.vercel.app/main-html/assets/vendors/twentytwenty/jquery.event.move.js]
[qutiiz-html.vercel.app/main-html/assets/vendors/particles/particles.min.js]
[qutiiz-html.vercel.app/main-html/assets/vendors/particles/particles-config.js]
[qutiiz-html.vercel.app/main-html/mobile-applications.html]
[qutiiz-html.vercel.app/main-html/assets/images/resources/service-details-img-3.jpg]
[qutiiz-html.vercel.app/main-html/digital-marketing.html]
[qutiiz-html.vercel.app/main-html/assets/images/resources/service-details-img-4.jpg]
[qutiiz-html.vercel.app/main-html/graphic-design.html]
[qutiiz-html.vercel.app/main-html/assets/images/resources/service-details-img.jpg]
[qutiiz-html.vercel.app/main-html/website-development.html]
[qutiiz-html.vercel.app/main-html/assets/images/resources/service-details-img-6.jpg]
[qutiiz-html.vercel.app/main-html/social-marketing.html]
[qutiiz-html.vercel.app/main-html/assets/images/resources/service-details-img-2.jpg]
[qutiiz-html.vercel.app/main-html/content-writing.html]
[qutiiz-html.vercel.app/main-html/assets/images/resources/project-page-img-1.jpg]
[qutiiz-html.vercel.app/main-html/assets/images/resources/project-page-img-2.jpg]
[qutiiz-html.vercel.app/main-html/assets/images/resources/project-page-img-3.jpg]
[qutiiz-html.vercel.app/main-html/assets/images/resources/project-page-img-4.jpg]
[qutiiz-html.vercel.app/main-html/assets/images/resources/project-page-img-5.jpg]
[qutiiz-html.vercel.app/main-html/assets/images/resources/project-page-img-6.jpg]
[qutiiz-html.vercel.app/main-html/project.html]
[qutiiz-html.vercel.app/main-html/assets/images/resources/project-details-img.jpg]
[qutiiz-html.vercel.app/main-html/project-details.html]
[qutiiz-html.vercel.app/main-html/assets/vendors/nice-select/nice-select.css]
[qutiiz-html.vercel.app/main-html/assets/images/update1.0/products/shop-v1-img1.jpg]
[qutiiz-html.vercel.app/main-html/assets/images/update1.0/products/shop-v1-img2.jpg]
[qutiiz-html.vercel.app/main-html/assets/images/update1.0/products/shop-v1-img3.jpg]
[qutiiz-html.vercel.app/main-html/assets/images/update1.0/products/shop-v1-img4.jpg]
[qutiiz-html.vercel.app/main-html/assets/images/update1.0/products/shop-v1-img5.jpg]
[qutiiz-html.vercel.app/main-html/assets/images/update1.0/products/shop-v1-img6.jpg]
[qutiiz-html.vercel.app/main-html/assets/images/update1.0/products/shop-v1-img7.jpg]
[qutiiz-html.vercel.app/main-html/assets/images/update1.0/products/shop-v1-img8.jpg]
[qutiiz-html.vercel.app/main-html/assets/images/update1.0/products/shop-v1-img9.jpg]
[qutiiz-html.vercel.app/main-html/products.html]
[qutiiz-html.vercel.app/main-html/assets/vendors/nice-select/jquery.nice-select.min.js]
[qutiiz-html.vercel.app/main-html/assets/images/update1.0/products/product-details-img1.jpg]
[qutiiz-html.vercel.app/main-html/assets/images/update1.0/resources/review-v1-img1.jpg]
[qutiiz-html.vercel.app/main-html/product-details.html]
[qutiiz-html.vercel.app/main-html/assets/images/update1.0/resources/review-v1-img2.jpg]
[qutiiz-html.vercel.app/main-html/assets/images/update1.0/products/cart-page-img1.jpg]
[qutiiz-html.vercel.app/main-html/assets/images/update1.0/products/cart-page-img2.jpg]
[qutiiz-html.vercel.app/main-html/cart.html]
[qutiiz-html.vercel.app/main-html/assets/images/update1.0/resources/paypal-1.jpg]
[qutiiz-html.vercel.app/main-html/checkout.html]
[qutiiz-html.vercel.app/main-html/assets/images/blog/blog-page-img-1.jpg]
[qutiiz-html.vercel.app/main-html/assets/images/blog/blog-page-img-2.jpg]
[qutiiz-html.vercel.app/main-html/assets/images/blog/blog-page-img-3.jpg]
[qutiiz-html.vercel.app/main-html/assets/images/blog/blog-page-img-4.jpg]
[qutiiz-html.vercel.app/main-html/assets/images/blog/blog-page-img-5.jpg]
[qutiiz-html.vercel.app/main-html/assets/images/blog/blog-page-img-6.jpg]
[qutiiz-html.vercel.app/main-html/blog.html]
[qutiiz-html.vercel.app/main-html/assets/images/blog/blog-sidebar-img-1.jpg]
[qutiiz-html.vercel.app/main-html/assets/images/blog/blog-sidebar-img-2.jpg]
[qutiiz-html.vercel.app/main-html/assets/images/blog/blog-sidebar-img-3.jpg]
[qutiiz-html.vercel.app/main-html/assets/images/icon/blog-sidebar-bottom-box-icon.png]
[qutiiz-html.vercel.app/main-html/assets/images/icon/blog-sidebar__delivering-services-icon.png]
[qutiiz-html.vercel.app/main-html/assets/images/blog/lp-1-1.jpg]
[qutiiz-html.vercel.app/main-html/assets/images/blog/lp-1-2.jpg]
[qutiiz-html.vercel.app/main-html/assets/images/blog/lp-1-3.jpg]
[qutiiz-html.vercel.app/main-html/blog-sidebar.html]
[qutiiz-html.vercel.app/main-html/assets/images/blog/blog-details-img-1.jpg]
[qutiiz-html.vercel.app/main-html/assets/images/blog/comment-1-1.jpg]
[qutiiz-html.vercel.app/main-html/assets/images/blog/comment-1-2.jpg]
[qutiiz-html.vercel.app/main-html/blog-details.html]
[qutiiz-html.vercel.app/main-html/contact.html]
[qutiiz-html.vercel.app/main-html/assets/vendors/fontawesome/webfonts/fa-brands-400.svg]
[qutiiz-html.vercel.app/main-html/assets/vendors/fontawesome/webfonts/fa-regular-400.svg]
[qutiiz-html.vercel.app/main-html/assets/vendors/fontawesome/webfonts/fa-solid-900.svg]
[qutiiz-html.vercel.app/main-html/assets/vendors/qutiiz-icons/fonts/icomoon78ed.svg]
[qutiiz-html.vercel.app/main-html/assets/vendors/qutiiz-icons-two/fonts/icomoon-two2c78.svg]
[qutiiz-html.vercel.app/main-html/assets/vendors/owl-carousel/owl.video.play.html]
[qutiiz-html.vercel.app/main-html/assets/vendors/images/icon/bx_loader.html]
[qutiiz-html.vercel.app/main-html/assets/vendors/img/bx-slider/controls.html]
[qutiiz-html.vercel.app/main-html/assets/vendors/vegas/overlays/02.html]
[qutiiz-html.vercel.app/main-html/assets/vendors/timepicker/images/ui-icons_444444_256x240.html]
[qutiiz-html.vercel.app/main-html/assets/vendors/twentytwenty/twentytwenty.html]
[qutiiz-html.vercel.app/main-html/assets/vendors/twentytwenty/twentytwenty-2.html]
[qutiiz-html.vercel.app/main-html/assets/vendors/twentytwenty/jquery.event.move.html]
[qutiiz-html.vercel.app/main-html/assets/vendors/particles/particles.min.html]
[qutiiz-html.vercel.app/main-html/assets/vendors/particles/particles-config.html]
[qutiiz-html.vercel.app/main-html/assets/vendors/nice-select/nice-select.css]
